// Jest Snapshot v1, https://goo.gl/fbAQLP

exports[`renders learn react link 1`] = `
<DocumentFragment>
  <div
    class="App"
  >
    <div>
      <header
        class="header basic-padding bg-color"
      >
        <p>
          Eventify
        </p>
      </header>
      <div
        class="events"
      >
        <div
          class="filter-body basic-padding"
        >
          <div
            class="filter-header"
          >
            <div
              class="filter-Drop"
            >
              Filter 
              <svg
                aria-hidden="true"
                class="svg-inline--fa fa-chevron-down "
                data-icon="chevron-down"
                data-prefix="fas"
                focusable="false"
                role="img"
                viewBox="0 0 448 512"
                xmlns="http://www.w3.org/2000/svg"
              >
                <path
                  d="M201.4 406.6c12.5 12.5 32.8 12.5 45.3 0l192-192c12.5-12.5 12.5-32.8 0-45.3s-32.8-12.5-45.3 0L224 338.7 54.6 169.4c-12.5-12.5-32.8-12.5-45.3 0s-12.5 32.8 0 45.3l192 192z"
                  fill="currentColor"
                />
              </svg>
            </div>
            <div
              class="filter-search"
            >
              <input
                id="search"
                placeholder="Search"
                type="text"
              />
            </div>
          </div>
        </div>
        <div
          class="event-list basic-padding"
        />
      </div>
      <footer
        class="footer basic-padding bg-color"
        data-testid="footer"
      >
        <div
          class="themes"
        />
        <div
          class="theme-save-button"
        >
          <button>
            Save Theme
          </button>
        </div>
      </footer>
    </div>
  </div>
</DocumentFragment>
`;
